<blockquote class="tweet">
    <div class="author">
        <a href="https://twitter.com/christopheraue" class="avatar "><img src="http://pbs.twimg.com/profile_images/378800000847541191/c52da5baadf1eeb7e2e06ad803936d20_normal.png" width="48px" height="48px"></a>
        <a href="https://twitter.com/christopheraue" class="name">Christopher Aue</a>
        <span class="at-username">
            <span class="at">@</span><a href="https://twitter.com/christopheraue" class="username">christopheraue</a>
        </span>
    </div>
    <div class="text">
        Placeit - Generate Product Screenshots in Realistic Environments https://t.co/EOtwdoiWsy #placeit via @placeitapp
    </div>
    <ul class="action-list">
        <li class="item"><a href="https://twitter.com/intent/tweet?in_reply_to=421321506891636736" class="action reply"><span class="icon"></span><span class="label">Reply</span></a></li>
        <li class="item"><a href="https://twitter.com/intent/retweet?tweet_id=421321506891636736" class="action retweet"><span class="icon"></span><span class="label">Retweet</span></a></li>
        <li class="item"><a href="https://twitter.com/intent/favorite?tweet_id=421321506891636736" class="action favorite"><span class="icon"></span><span class="label">Favorite</span></a></li>
    </ul>
    <a href="https://twitter.com/christopheraue/statuses/421321506891636736" class="timestamp"><time datetime="Thu, 09 Jan 2014 16:44:09 GMT">Jan 09</time></a>
</blockquote>